Archive member included because of file (symbol)

c:/users/ahmed/onedrive/desktop/m.t embedded diploma/interface/avr_setup/bin/../lib/gcc/avr/4.3.3/avr5\libgcc.a(_exit.o)
                              c:/users/ahmed/onedrive/desktop/m.t embedded diploma/interface/avr_setup/bin/../lib/gcc/avr/4.3.3/../../../../avr/lib/avr5/crtm32.o (exit)
c:/users/ahmed/onedrive/desktop/m.t embedded diploma/interface/avr_setup/bin/../lib/gcc/avr/4.3.3/avr5\libgcc.a(_copy_data.o)
                              ./HAL/lcd.o (__do_copy_data)
c:/users/ahmed/onedrive/desktop/m.t embedded diploma/interface/avr_setup/bin/../lib/gcc/avr/4.3.3/avr5\libgcc.a(_clear_bss.o)
                              ./MCAL/icu.o (__do_clear_bss)
c:/users/ahmed/onedrive/desktop/m.t embedded diploma/interface/avr_setup/bin/../lib/gcc/avr/4.3.3/avr5\libgcc.a(_fixunssfsi.o)
                              ./HAL/UltraSonic.o (__fixunssfsi)
c:/users/ahmed/onedrive/desktop/m.t embedded diploma/interface/avr_setup/bin/../lib/gcc/avr/4.3.3/avr5\libgcc.a(_addsub_sf.o)
                              c:/users/ahmed/onedrive/desktop/m.t embedded diploma/interface/avr_setup/bin/../lib/gcc/avr/4.3.3/avr5\libgcc.a(_fixunssfsi.o) (__subsf3)
c:/users/ahmed/onedrive/desktop/m.t embedded diploma/interface/avr_setup/bin/../lib/gcc/avr/4.3.3/avr5\libgcc.a(_mul_sf.o)
                              ./HAL/UltraSonic.o (__mulsf3)
c:/users/ahmed/onedrive/desktop/m.t embedded diploma/interface/avr_setup/bin/../lib/gcc/avr/4.3.3/avr5\libgcc.a(_div_sf.o)
                              ./HAL/UltraSonic.o (__divsf3)
c:/users/ahmed/onedrive/desktop/m.t embedded diploma/interface/avr_setup/bin/../lib/gcc/avr/4.3.3/avr5\libgcc.a(_gt_sf.o)
                              ./HAL/UltraSonic.o (__gtsf2)
c:/users/ahmed/onedrive/desktop/m.t embedded diploma/interface/avr_setup/bin/../lib/gcc/avr/4.3.3/avr5\libgcc.a(_ge_sf.o)
                              c:/users/ahmed/onedrive/desktop/m.t embedded diploma/interface/avr_setup/bin/../lib/gcc/avr/4.3.3/avr5\libgcc.a(_fixunssfsi.o) (__gesf2)
c:/users/ahmed/onedrive/desktop/m.t embedded diploma/interface/avr_setup/bin/../lib/gcc/avr/4.3.3/avr5\libgcc.a(_lt_sf.o)
                              ./HAL/UltraSonic.o (__ltsf2)
c:/users/ahmed/onedrive/desktop/m.t embedded diploma/interface/avr_setup/bin/../lib/gcc/avr/4.3.3/avr5\libgcc.a(_sf_to_si.o)
                              c:/users/ahmed/onedrive/desktop/m.t embedded diploma/interface/avr_setup/bin/../lib/gcc/avr/4.3.3/avr5\libgcc.a(_fixunssfsi.o) (__fixsfsi)
c:/users/ahmed/onedrive/desktop/m.t embedded diploma/interface/avr_setup/bin/../lib/gcc/avr/4.3.3/avr5\libgcc.a(_thenan_sf.o)
                              c:/users/ahmed/onedrive/desktop/m.t embedded diploma/interface/avr_setup/bin/../lib/gcc/avr/4.3.3/avr5\libgcc.a(_addsub_sf.o) (__thenan_sf)
c:/users/ahmed/onedrive/desktop/m.t embedded diploma/interface/avr_setup/bin/../lib/gcc/avr/4.3.3/avr5\libgcc.a(_usi_to_sf.o)
                              ./HAL/UltraSonic.o (__floatunsisf)
c:/users/ahmed/onedrive/desktop/m.t embedded diploma/interface/avr_setup/bin/../lib/gcc/avr/4.3.3/avr5\libgcc.a(_prologue.o)
                              c:/users/ahmed/onedrive/desktop/m.t embedded diploma/interface/avr_setup/bin/../lib/gcc/avr/4.3.3/avr5\libgcc.a(_addsub_sf.o) (__prologue_saves__)
c:/users/ahmed/onedrive/desktop/m.t embedded diploma/interface/avr_setup/bin/../lib/gcc/avr/4.3.3/avr5\libgcc.a(_epilogue.o)
                              c:/users/ahmed/onedrive/desktop/m.t embedded diploma/interface/avr_setup/bin/../lib/gcc/avr/4.3.3/avr5\libgcc.a(_addsub_sf.o) (__epilogue_restores__)
c:/users/ahmed/onedrive/desktop/m.t embedded diploma/interface/avr_setup/bin/../lib/gcc/avr/4.3.3/avr5\libgcc.a(_clzsi2.o)
                              c:/users/ahmed/onedrive/desktop/m.t embedded diploma/interface/avr_setup/bin/../lib/gcc/avr/4.3.3/avr5\libgcc.a(_usi_to_sf.o) (__clzsi2)
c:/users/ahmed/onedrive/desktop/m.t embedded diploma/interface/avr_setup/bin/../lib/gcc/avr/4.3.3/avr5\libgcc.a(_pack_sf.o)
                              c:/users/ahmed/onedrive/desktop/m.t embedded diploma/interface/avr_setup/bin/../lib/gcc/avr/4.3.3/avr5\libgcc.a(_addsub_sf.o) (__pack_f)
c:/users/ahmed/onedrive/desktop/m.t embedded diploma/interface/avr_setup/bin/../lib/gcc/avr/4.3.3/avr5\libgcc.a(_unpack_sf.o)
                              c:/users/ahmed/onedrive/desktop/m.t embedded diploma/interface/avr_setup/bin/../lib/gcc/avr/4.3.3/avr5\libgcc.a(_addsub_sf.o) (__unpack_f)
c:/users/ahmed/onedrive/desktop/m.t embedded diploma/interface/avr_setup/bin/../lib/gcc/avr/4.3.3/avr5\libgcc.a(_fpcmp_parts_sf.o)
                              c:/users/ahmed/onedrive/desktop/m.t embedded diploma/interface/avr_setup/bin/../lib/gcc/avr/4.3.3/avr5\libgcc.a(_gt_sf.o) (__fpcmp_parts_f)
c:/users/ahmed/onedrive/desktop/m.t embedded diploma/interface/avr_setup/bin/../lib/gcc/avr/4.3.3/avr5\libgcc.a(_clz.o)
                              c:/users/ahmed/onedrive/desktop/m.t embedded diploma/interface/avr_setup/bin/../lib/gcc/avr/4.3.3/avr5\libgcc.a(_clzsi2.o) (__clz_tab)
c:/users/ahmed/onedrive/desktop/m.t embedded diploma/interface/avr_setup/bin/../lib/gcc/avr/4.3.3/../../../../avr/lib/avr5\libc.a(itoa.o)
                              ./HAL/lcd.o (itoa)
c:/users/ahmed/onedrive/desktop/m.t embedded diploma/interface/avr_setup/bin/../lib/gcc/avr/4.3.3/../../../../avr/lib/avr5\libc.a(strrev.o)
                              c:/users/ahmed/onedrive/desktop/m.t embedded diploma/interface/avr_setup/bin/../lib/gcc/avr/4.3.3/../../../../avr/lib/avr5\libc.a(itoa.o) (strrev)
c:/users/ahmed/onedrive/desktop/m.t embedded diploma/interface/avr_setup/bin/../lib/gcc/avr/4.3.3/avr5\libgcc.a(_udivmodhi4.o)
                              c:/users/ahmed/onedrive/desktop/m.t embedded diploma/interface/avr_setup/bin/../lib/gcc/avr/4.3.3/../../../../avr/lib/avr5\libc.a(itoa.o) (__udivmodhi4)

Allocating common symbols
Common symbol       size              file

g_ticks             0x1               ./HAL/buzzer.o

Memory Configuration

Name             Origin             Length             Attributes
text             0x00000000         0x00020000         xr
data             0x00800060         0x0000ffa0         rw !x
eeprom           0x00810000         0x00010000         rw !x
fuse             0x00820000         0x00000400         rw !x
lock             0x00830000         0x00000400         rw !x
signature        0x00840000         0x00000400         rw !x
*default*        0x00000000         0xffffffff

Linker script and memory map

LOAD c:/users/ahmed/onedrive/desktop/m.t embedded diploma/interface/avr_setup/bin/../lib/gcc/avr/4.3.3/../../../../avr/lib/avr5/crtm32.o
LOAD ./MCAL/GPIO.o
LOAD ./MCAL/icu.o
LOAD ./HAL/UltraSonic.o
LOAD ./HAL/buzzer.o
LOAD ./HAL/lcd.o
LOAD ./APP/main.o
LOAD c:/users/ahmed/onedrive/desktop/m.t embedded diploma/interface/avr_setup/bin/../lib/gcc/avr/4.3.3/avr5\libgcc.a
LOAD c:/users/ahmed/onedrive/desktop/m.t embedded diploma/interface/avr_setup/bin/../lib/gcc/avr/4.3.3/../../../../avr/lib/avr5\libc.a
LOAD c:/users/ahmed/onedrive/desktop/m.t embedded diploma/interface/avr_setup/bin/../lib/gcc/avr/4.3.3/avr5\libgcc.a

.hash
 *(.hash)

.dynsym
 *(.dynsym)

.dynstr
 *(.dynstr)

.gnu.version
 *(.gnu.version)

.gnu.version_d
 *(.gnu.version_d)

.gnu.version_r
 *(.gnu.version_r)

.rel.init
 *(.rel.init)

.rela.init
 *(.rela.init)

.rel.text
 *(.rel.text)
 *(.rel.text.*)
 *(.rel.gnu.linkonce.t*)

.rela.text
 *(.rela.text)
 *(.rela.text.*)
 *(.rela.gnu.linkonce.t*)

.rel.fini
 *(.rel.fini)

.rela.fini
 *(.rela.fini)

.rel.rodata
 *(.rel.rodata)
 *(.rel.rodata.*)
 *(.rel.gnu.linkonce.r*)

.rela.rodata
 *(.rela.rodata)
 *(.rela.rodata.*)
 *(.rela.gnu.linkonce.r*)

.rel.data
 *(.rel.data)
 *(.rel.data.*)
 *(.rel.gnu.linkonce.d*)

.rela.data
 *(.rela.data)
 *(.rela.data.*)
 *(.rela.gnu.linkonce.d*)

.rel.ctors
 *(.rel.ctors)

.rela.ctors
 *(.rela.ctors)

.rel.dtors
 *(.rel.dtors)

.rela.dtors
 *(.rela.dtors)

.rel.got
 *(.rel.got)

.rela.got
 *(.rela.got)

.rel.bss
 *(.rel.bss)

.rela.bss
 *(.rela.bss)

.rel.plt
 *(.rel.plt)

.rela.plt
 *(.rela.plt)

.text           0x00000000     0x2724
 *(.vectors)
 .vectors       0x00000000       0x54 c:/users/ahmed/onedrive/desktop/m.t embedded diploma/interface/avr_setup/bin/../lib/gcc/avr/4.3.3/../../../../avr/lib/avr5/crtm32.o
                0x00000000                __vectors
                0x00000000                __vector_default
 *(.vectors)
 *(.progmem.gcc*)
 *(.progmem*)
                0x00000054                . = ALIGN (0x2)
                0x00000054                __trampolines_start = .
 *(.trampolines)
 .trampolines   0x00000054        0x0 linker stubs
 *(.trampolines*)
                0x00000054                __trampolines_end = .
 *(.jumptables)
 *(.jumptables*)
 *(.lowtext)
 *(.lowtext*)
                0x00000054                __ctors_start = .
 *(.ctors)
                0x00000054                __ctors_end = .
                0x00000054                __dtors_start = .
 *(.dtors)
                0x00000054                __dtors_end = .
 SORT(*)(.ctors)
 SORT(*)(.dtors)
 *(.init0)
 .init0         0x00000054        0x0 c:/users/ahmed/onedrive/desktop/m.t embedded diploma/interface/avr_setup/bin/../lib/gcc/avr/4.3.3/../../../../avr/lib/avr5/crtm32.o
                0x00000054                __init
 *(.init0)
 *(.init1)
 *(.init1)
 *(.init2)
 .init2         0x00000054        0xc c:/users/ahmed/onedrive/desktop/m.t embedded diploma/interface/avr_setup/bin/../lib/gcc/avr/4.3.3/../../../../avr/lib/avr5/crtm32.o
 *(.init2)
 *(.init3)
 *(.init3)
 *(.init4)
 .init4         0x00000060       0x16 c:/users/ahmed/onedrive/desktop/m.t embedded diploma/interface/avr_setup/bin/../lib/gcc/avr/4.3.3/avr5\libgcc.a(_copy_data.o)
                0x00000060                __do_copy_data
 .init4         0x00000076       0x10 c:/users/ahmed/onedrive/desktop/m.t embedded diploma/interface/avr_setup/bin/../lib/gcc/avr/4.3.3/avr5\libgcc.a(_clear_bss.o)
                0x00000076                __do_clear_bss
 *(.init4)
 *(.init5)
 *(.init5)
 *(.init6)
 *(.init6)
 *(.init7)
 *(.init7)
 *(.init8)
 *(.init8)
 *(.init9)
 .init9         0x00000086        0x8 c:/users/ahmed/onedrive/desktop/m.t embedded diploma/interface/avr_setup/bin/../lib/gcc/avr/4.3.3/../../../../avr/lib/avr5/crtm32.o
 *(.init9)
 *(.text)
 .text          0x0000008e        0x4 c:/users/ahmed/onedrive/desktop/m.t embedded diploma/interface/avr_setup/bin/../lib/gcc/avr/4.3.3/../../../../avr/lib/avr5/crtm32.o
                0x0000008e                __vector_1
                0x0000008e                __vector_12
                0x0000008e                __bad_interrupt
                0x0000008e                __vector_3
                0x0000008e                __vector_13
                0x0000008e                __vector_17
                0x0000008e                __vector_19
                0x0000008e                __vector_7
                0x0000008e                __vector_5
                0x0000008e                __vector_4
                0x0000008e                __vector_9
                0x0000008e                __vector_2
                0x0000008e                __vector_15
                0x0000008e                __vector_8
                0x0000008e                __vector_14
                0x0000008e                __vector_10
                0x0000008e                __vector_16
                0x0000008e                __vector_18
                0x0000008e                __vector_20
 .text          0x00000092        0x0 ./MCAL/GPIO.o
 .text          0x00000092        0x0 ./MCAL/icu.o
 .text          0x00000092        0x0 ./HAL/UltraSonic.o
 .text          0x00000092        0x0 ./HAL/buzzer.o
 .text          0x00000092        0x0 ./HAL/lcd.o
 .text          0x00000092        0x0 ./APP/main.o
 .text          0x00000092        0x0 c:/users/ahmed/onedrive/desktop/m.t embedded diploma/interface/avr_setup/bin/../lib/gcc/avr/4.3.3/avr5\libgcc.a(_exit.o)
 .text          0x00000092        0x0 c:/users/ahmed/onedrive/desktop/m.t embedded diploma/interface/avr_setup/bin/../lib/gcc/avr/4.3.3/avr5\libgcc.a(_copy_data.o)
 .text          0x00000092        0x0 c:/users/ahmed/onedrive/desktop/m.t embedded diploma/interface/avr_setup/bin/../lib/gcc/avr/4.3.3/avr5\libgcc.a(_clear_bss.o)
 .text          0x00000092       0x58 c:/users/ahmed/onedrive/desktop/m.t embedded diploma/interface/avr_setup/bin/../lib/gcc/avr/4.3.3/avr5\libgcc.a(_fixunssfsi.o)
                0x00000092                __fixunssfsi
 .text          0x000000ea      0x354 c:/users/ahmed/onedrive/desktop/m.t embedded diploma/interface/avr_setup/bin/../lib/gcc/avr/4.3.3/avr5\libgcc.a(_addsub_sf.o)
                0x00000382                __subsf3
                0x000003e4                __addsf3
 .text          0x0000043e      0x1f4 c:/users/ahmed/onedrive/desktop/m.t embedded diploma/interface/avr_setup/bin/../lib/gcc/avr/4.3.3/avr5\libgcc.a(_mul_sf.o)
                0x0000043e                __mulsf3
 .text          0x00000632      0x158 c:/users/ahmed/onedrive/desktop/m.t embedded diploma/interface/avr_setup/bin/../lib/gcc/avr/4.3.3/avr5\libgcc.a(_div_sf.o)
                0x00000632                __divsf3
 .text          0x0000078a       0x60 c:/users/ahmed/onedrive/desktop/m.t embedded diploma/interface/avr_setup/bin/../lib/gcc/avr/4.3.3/avr5\libgcc.a(_gt_sf.o)
                0x0000078a                __gtsf2
 .text          0x000007ea       0x60 c:/users/ahmed/onedrive/desktop/m.t embedded diploma/interface/avr_setup/bin/../lib/gcc/avr/4.3.3/avr5\libgcc.a(_ge_sf.o)
                0x000007ea                __gesf2
 .text          0x0000084a       0x60 c:/users/ahmed/onedrive/desktop/m.t embedded diploma/interface/avr_setup/bin/../lib/gcc/avr/4.3.3/avr5\libgcc.a(_lt_sf.o)
                0x0000084a                __ltsf2
 .text          0x000008aa       0xa8 c:/users/ahmed/onedrive/desktop/m.t embedded diploma/interface/avr_setup/bin/../lib/gcc/avr/4.3.3/avr5\libgcc.a(_sf_to_si.o)
                0x000008aa                __fixsfsi
 .text          0x00000952        0x0 c:/users/ahmed/onedrive/desktop/m.t embedded diploma/interface/avr_setup/bin/../lib/gcc/avr/4.3.3/avr5\libgcc.a(_thenan_sf.o)
 .text          0x00000952       0xf2 c:/users/ahmed/onedrive/desktop/m.t embedded diploma/interface/avr_setup/bin/../lib/gcc/avr/4.3.3/avr5\libgcc.a(_usi_to_sf.o)
                0x00000952                __floatunsisf
 .text          0x00000a44        0x0 c:/users/ahmed/onedrive/desktop/m.t embedded diploma/interface/avr_setup/bin/../lib/gcc/avr/4.3.3/avr5\libgcc.a(_prologue.o)
 .text          0x00000a44        0x0 c:/users/ahmed/onedrive/desktop/m.t embedded diploma/interface/avr_setup/bin/../lib/gcc/avr/4.3.3/avr5\libgcc.a(_epilogue.o)
 .text          0x00000a44       0x9e c:/users/ahmed/onedrive/desktop/m.t embedded diploma/interface/avr_setup/bin/../lib/gcc/avr/4.3.3/avr5\libgcc.a(_clzsi2.o)
                0x00000a44                __clzsi2
 .text          0x00000ae2      0x1aa c:/users/ahmed/onedrive/desktop/m.t embedded diploma/interface/avr_setup/bin/../lib/gcc/avr/4.3.3/avr5\libgcc.a(_pack_sf.o)
                0x00000ae2                __pack_f
 .text          0x00000c8c       0xf0 c:/users/ahmed/onedrive/desktop/m.t embedded diploma/interface/avr_setup/bin/../lib/gcc/avr/4.3.3/avr5\libgcc.a(_unpack_sf.o)
                0x00000c8c                __unpack_f
 .text          0x00000d7c       0xb2 c:/users/ahmed/onedrive/desktop/m.t embedded diploma/interface/avr_setup/bin/../lib/gcc/avr/4.3.3/avr5\libgcc.a(_fpcmp_parts_sf.o)
                0x00000d7c                __fpcmp_parts_f
 .text          0x00000e2e        0x0 c:/users/ahmed/onedrive/desktop/m.t embedded diploma/interface/avr_setup/bin/../lib/gcc/avr/4.3.3/avr5\libgcc.a(_clz.o)
 .text          0x00000e2e        0x0 c:/users/ahmed/onedrive/desktop/m.t embedded diploma/interface/avr_setup/bin/../lib/gcc/avr/4.3.3/../../../../avr/lib/avr5\libc.a(itoa.o)
 .text          0x00000e2e        0x0 c:/users/ahmed/onedrive/desktop/m.t embedded diploma/interface/avr_setup/bin/../lib/gcc/avr/4.3.3/../../../../avr/lib/avr5\libc.a(strrev.o)
 .text          0x00000e2e        0x0 c:/users/ahmed/onedrive/desktop/m.t embedded diploma/interface/avr_setup/bin/../lib/gcc/avr/4.3.3/avr5\libgcc.a(_udivmodhi4.o)
                0x00000e2e                . = ALIGN (0x2)
 *(.text.*)
 .text.GPIO_setupPinDirection
                0x00000e2e      0x1d6 ./MCAL/GPIO.o
                0x00000e2e                GPIO_setupPinDirection
 .text.GPIO_writePin
                0x00001004      0x1d6 ./MCAL/GPIO.o
                0x00001004                GPIO_writePin
 .text.GPIO_readPin
                0x000011da      0x136 ./MCAL/GPIO.o
                0x000011da                GPIO_readPin
 .text.GPIO_setupPortDirection
                0x00001310       0x88 ./MCAL/GPIO.o
                0x00001310                GPIO_setupPortDirection
 .text.GPIO_writePort
                0x00001398       0x88 ./MCAL/GPIO.o
                0x00001398                GPIO_writePort
 .text.GPIO_readPort
                0x00001420       0x8a ./MCAL/GPIO.o
                0x00001420                GPIO_readPort
 .text.__vector_6
                0x000014aa       0x66 ./MCAL/icu.o
                0x000014aa                __vector_6
 .text.ICU_init
                0x00001510       0x92 ./MCAL/icu.o
                0x00001510                ICU_init
 .text.ICU_setCallBack
                0x000015a2       0x24 ./MCAL/icu.o
                0x000015a2                ICU_setCallBack
 .text.ICU_setEdgeDetectionType
                0x000015c6       0x3e ./MCAL/icu.o
                0x000015c6                ICU_setEdgeDetectionType
 .text.ICU_getInputCaptureValue
                0x00001604       0x16 ./MCAL/icu.o
                0x00001604                ICU_getInputCaptureValue
 .text.ICU_clearTimerValue
                0x0000161a       0x16 ./MCAL/icu.o
                0x0000161a                ICU_clearTimerValue
 .text.ICU_deInit
                0x00001630       0x40 ./MCAL/icu.o
                0x00001630                ICU_deInit
 .text.Ultrasonic_init
                0x00001670       0x36 ./HAL/UltraSonic.o
                0x00001670                Ultrasonic_init
 .text.Ultrasonic_edgeProcessing
                0x000016a6       0x4c ./HAL/UltraSonic.o
                0x000016a6                Ultrasonic_edgeProcessing
 .text.Ultrasonic_Trigger
                0x000016f2      0x1b6 ./HAL/UltraSonic.o
                0x000016f2                Ultrasonic_Trigger
 .text.Ultrasonic_readDistance
                0x000018a8       0x66 ./HAL/UltraSonic.o
                0x000018a8                Ultrasonic_readDistance
 .text.Timer0_Init_Normal_Mode
                0x0000190e       0x2a ./HAL/buzzer.o
                0x0000190e                Timer0_Init_Normal_Mode
 .text.__vector_11
                0x00001938       0x62 ./HAL/buzzer.o
                0x00001938                __vector_11
 .text.Timer0_DeInit
                0x0000199a       0x26 ./HAL/buzzer.o
                0x0000199a                Timer0_DeInit
 .text.Timer0_Clock
                0x000019c0       0x1c ./HAL/buzzer.o
                0x000019c0                Timer0_Clock
 .text.Buzzer_init
                0x000019dc       0x18 ./HAL/buzzer.o
                0x000019dc                Buzzer_init
 .text.LCD_init
                0x000019f4      0x138 ./HAL/lcd.o
                0x000019f4                LCD_init
 .text.LCD_sendCommand
                0x00001b2c      0x3de ./HAL/lcd.o
                0x00001b2c                LCD_sendCommand
 .text.LCD_displayCharacter
                0x00001f0a      0x3de ./HAL/lcd.o
                0x00001f0a                LCD_displayCharacter
 .text.LCD_displayString
                0x000022e8       0x52 ./HAL/lcd.o
                0x000022e8                LCD_displayString
 .text.LCD_moveCursor
                0x0000233a       0x84 ./HAL/lcd.o
                0x0000233a                LCD_moveCursor
 .text.LCD_displayStringRowColumn
                0x000023be       0x32 ./HAL/lcd.o
                0x000023be                LCD_displayStringRowColumn
 .text.LCD_intgerToString
                0x000023f0       0x46 ./HAL/lcd.o
                0x000023f0                LCD_intgerToString
 .text.LCD_clearScreen
                0x00002436       0x14 ./HAL/lcd.o
                0x00002436                LCD_clearScreen
 .text.LCD_clearRow
                0x0000244a       0x24 ./HAL/lcd.o
                0x0000244a                LCD_clearRow
 .text.main     0x0000246e      0x1ba ./APP/main.o
                0x0000246e                main
 .text.libgcc   0x00002628        0x0 c:/users/ahmed/onedrive/desktop/m.t embedded diploma/interface/avr_setup/bin/../lib/gcc/avr/4.3.3/avr5\libgcc.a(_exit.o)
 .text.libgcc   0x00002628        0x0 c:/users/ahmed/onedrive/desktop/m.t embedded diploma/interface/avr_setup/bin/../lib/gcc/avr/4.3.3/avr5\libgcc.a(_copy_data.o)
 .text.libgcc   0x00002628        0x0 c:/users/ahmed/onedrive/desktop/m.t embedded diploma/interface/avr_setup/bin/../lib/gcc/avr/4.3.3/avr5\libgcc.a(_clear_bss.o)
 .text.libgcc   0x00002628       0x38 c:/users/ahmed/onedrive/desktop/m.t embedded diploma/interface/avr_setup/bin/../lib/gcc/avr/4.3.3/avr5\libgcc.a(_prologue.o)
                0x00002628                __prologue_saves__
 .text.libgcc   0x00002660       0x36 c:/users/ahmed/onedrive/desktop/m.t embedded diploma/interface/avr_setup/bin/../lib/gcc/avr/4.3.3/avr5\libgcc.a(_epilogue.o)
                0x00002660                __epilogue_restores__
 .text.avr-libc
                0x00002696       0x42 c:/users/ahmed/onedrive/desktop/m.t embedded diploma/interface/avr_setup/bin/../lib/gcc/avr/4.3.3/../../../../avr/lib/avr5\libc.a(itoa.o)
                0x00002696                itoa
 .text.avr-libc
                0x000026d8       0x20 c:/users/ahmed/onedrive/desktop/m.t embedded diploma/interface/avr_setup/bin/../lib/gcc/avr/4.3.3/../../../../avr/lib/avr5\libc.a(strrev.o)
                0x000026d8                strrev
 .text.libgcc   0x000026f8       0x28 c:/users/ahmed/onedrive/desktop/m.t embedded diploma/interface/avr_setup/bin/../lib/gcc/avr/4.3.3/avr5\libgcc.a(_udivmodhi4.o)
                0x000026f8                __udivmodhi4
                0x00002720                . = ALIGN (0x2)
 *(.fini9)
 .fini9         0x00002720        0x0 c:/users/ahmed/onedrive/desktop/m.t embedded diploma/interface/avr_setup/bin/../lib/gcc/avr/4.3.3/avr5\libgcc.a(_exit.o)
                0x00002720                exit
                0x00002720                _exit
 *(.fini9)
 *(.fini8)
 *(.fini8)
 *(.fini7)
 *(.fini7)
 *(.fini6)
 *(.fini6)
 *(.fini5)
 *(.fini5)
 *(.fini4)
 *(.fini4)
 *(.fini3)
 *(.fini3)
 *(.fini2)
 *(.fini2)
 *(.fini1)
 *(.fini1)
 *(.fini0)
 .fini0         0x00002720        0x4 c:/users/ahmed/onedrive/desktop/m.t embedded diploma/interface/avr_setup/bin/../lib/gcc/avr/4.3.3/avr5\libgcc.a(_exit.o)
 *(.fini0)
                0x00002724                _etext = .

.data           0x00800060      0x140 load address 0x00002724
                0x00800060                PROVIDE (__data_start, .)
 *(.data)
 .data          0x00800060        0x0 c:/users/ahmed/onedrive/desktop/m.t embedded diploma/interface/avr_setup/bin/../lib/gcc/avr/4.3.3/../../../../avr/lib/avr5/crtm32.o
 .data          0x00800060        0x0 ./MCAL/GPIO.o
 .data          0x00800060        0x0 ./MCAL/icu.o
 .data          0x00800060        0x0 ./HAL/UltraSonic.o
 .data          0x00800060        0x0 ./HAL/buzzer.o
 .data          0x00800060       0x11 ./HAL/lcd.o
 .data          0x00800071       0x27 ./APP/main.o
 .data          0x00800098        0x0 c:/users/ahmed/onedrive/desktop/m.t embedded diploma/interface/avr_setup/bin/../lib/gcc/avr/4.3.3/avr5\libgcc.a(_exit.o)
 .data          0x00800098        0x0 c:/users/ahmed/onedrive/desktop/m.t embedded diploma/interface/avr_setup/bin/../lib/gcc/avr/4.3.3/avr5\libgcc.a(_copy_data.o)
 .data          0x00800098        0x0 c:/users/ahmed/onedrive/desktop/m.t embedded diploma/interface/avr_setup/bin/../lib/gcc/avr/4.3.3/avr5\libgcc.a(_clear_bss.o)
 .data          0x00800098        0x0 c:/users/ahmed/onedrive/desktop/m.t embedded diploma/interface/avr_setup/bin/../lib/gcc/avr/4.3.3/avr5\libgcc.a(_fixunssfsi.o)
 .data          0x00800098        0x0 c:/users/ahmed/onedrive/desktop/m.t embedded diploma/interface/avr_setup/bin/../lib/gcc/avr/4.3.3/avr5\libgcc.a(_addsub_sf.o)
 .data          0x00800098        0x0 c:/users/ahmed/onedrive/desktop/m.t embedded diploma/interface/avr_setup/bin/../lib/gcc/avr/4.3.3/avr5\libgcc.a(_mul_sf.o)
 .data          0x00800098        0x0 c:/users/ahmed/onedrive/desktop/m.t embedded diploma/interface/avr_setup/bin/../lib/gcc/avr/4.3.3/avr5\libgcc.a(_div_sf.o)
 .data          0x00800098        0x0 c:/users/ahmed/onedrive/desktop/m.t embedded diploma/interface/avr_setup/bin/../lib/gcc/avr/4.3.3/avr5\libgcc.a(_gt_sf.o)
 .data          0x00800098        0x0 c:/users/ahmed/onedrive/desktop/m.t embedded diploma/interface/avr_setup/bin/../lib/gcc/avr/4.3.3/avr5\libgcc.a(_ge_sf.o)
 .data          0x00800098        0x0 c:/users/ahmed/onedrive/desktop/m.t embedded diploma/interface/avr_setup/bin/../lib/gcc/avr/4.3.3/avr5\libgcc.a(_lt_sf.o)
 .data          0x00800098        0x0 c:/users/ahmed/onedrive/desktop/m.t embedded diploma/interface/avr_setup/bin/../lib/gcc/avr/4.3.3/avr5\libgcc.a(_sf_to_si.o)
 .data          0x00800098        0x8 c:/users/ahmed/onedrive/desktop/m.t embedded diploma/interface/avr_setup/bin/../lib/gcc/avr/4.3.3/avr5\libgcc.a(_thenan_sf.o)
                0x00800098                __thenan_sf
 .data          0x008000a0        0x0 c:/users/ahmed/onedrive/desktop/m.t embedded diploma/interface/avr_setup/bin/../lib/gcc/avr/4.3.3/avr5\libgcc.a(_usi_to_sf.o)
 .data          0x008000a0        0x0 c:/users/ahmed/onedrive/desktop/m.t embedded diploma/interface/avr_setup/bin/../lib/gcc/avr/4.3.3/avr5\libgcc.a(_prologue.o)
 .data          0x008000a0        0x0 c:/users/ahmed/onedrive/desktop/m.t embedded diploma/interface/avr_setup/bin/../lib/gcc/avr/4.3.3/avr5\libgcc.a(_epilogue.o)
 .data          0x008000a0        0x0 c:/users/ahmed/onedrive/desktop/m.t embedded diploma/interface/avr_setup/bin/../lib/gcc/avr/4.3.3/avr5\libgcc.a(_clzsi2.o)
 .data          0x008000a0        0x0 c:/users/ahmed/onedrive/desktop/m.t embedded diploma/interface/avr_setup/bin/../lib/gcc/avr/4.3.3/avr5\libgcc.a(_pack_sf.o)
 .data          0x008000a0        0x0 c:/users/ahmed/onedrive/desktop/m.t embedded diploma/interface/avr_setup/bin/../lib/gcc/avr/4.3.3/avr5\libgcc.a(_unpack_sf.o)
 .data          0x008000a0        0x0 c:/users/ahmed/onedrive/desktop/m.t embedded diploma/interface/avr_setup/bin/../lib/gcc/avr/4.3.3/avr5\libgcc.a(_fpcmp_parts_sf.o)
 .data          0x008000a0      0x100 c:/users/ahmed/onedrive/desktop/m.t embedded diploma/interface/avr_setup/bin/../lib/gcc/avr/4.3.3/avr5\libgcc.a(_clz.o)
                0x008000a0                __clz_tab
 .data          0x008001a0        0x0 c:/users/ahmed/onedrive/desktop/m.t embedded diploma/interface/avr_setup/bin/../lib/gcc/avr/4.3.3/../../../../avr/lib/avr5\libc.a(itoa.o)
 .data          0x008001a0        0x0 c:/users/ahmed/onedrive/desktop/m.t embedded diploma/interface/avr_setup/bin/../lib/gcc/avr/4.3.3/../../../../avr/lib/avr5\libc.a(strrev.o)
 .data          0x008001a0        0x0 c:/users/ahmed/onedrive/desktop/m.t embedded diploma/interface/avr_setup/bin/../lib/gcc/avr/4.3.3/avr5\libgcc.a(_udivmodhi4.o)
 *(.data*)
 *(.rodata)
 *(.rodata*)
 *(.gnu.linkonce.d*)
                0x008001a0                . = ALIGN (0x2)
                0x008001a0                _edata = .
                0x008001a0                PROVIDE (__data_end, .)

.bss            0x008001a0        0x9
                0x008001a0                PROVIDE (__bss_start, .)
 *(.bss)
 .bss           0x008001a0        0x0 c:/users/ahmed/onedrive/desktop/m.t embedded diploma/interface/avr_setup/bin/../lib/gcc/avr/4.3.3/../../../../avr/lib/avr5/crtm32.o
 .bss           0x008001a0        0x0 ./MCAL/GPIO.o
 .bss           0x008001a0        0x0 ./MCAL/icu.o
 .bss           0x008001a0        0x0 ./HAL/UltraSonic.o
 .bss           0x008001a0        0x0 ./HAL/buzzer.o
 .bss           0x008001a0        0x0 ./HAL/lcd.o
 .bss           0x008001a0        0x0 ./APP/main.o
 .bss           0x008001a0        0x0 c:/users/ahmed/onedrive/desktop/m.t embedded diploma/interface/avr_setup/bin/../lib/gcc/avr/4.3.3/avr5\libgcc.a(_exit.o)
 .bss           0x008001a0        0x0 c:/users/ahmed/onedrive/desktop/m.t embedded diploma/interface/avr_setup/bin/../lib/gcc/avr/4.3.3/avr5\libgcc.a(_copy_data.o)
 .bss           0x008001a0        0x0 c:/users/ahmed/onedrive/desktop/m.t embedded diploma/interface/avr_setup/bin/../lib/gcc/avr/4.3.3/avr5\libgcc.a(_clear_bss.o)
 .bss           0x008001a0        0x0 c:/users/ahmed/onedrive/desktop/m.t embedded diploma/interface/avr_setup/bin/../lib/gcc/avr/4.3.3/avr5\libgcc.a(_fixunssfsi.o)
 .bss           0x008001a0        0x0 c:/users/ahmed/onedrive/desktop/m.t embedded diploma/interface/avr_setup/bin/../lib/gcc/avr/4.3.3/avr5\libgcc.a(_addsub_sf.o)
 .bss           0x008001a0        0x0 c:/users/ahmed/onedrive/desktop/m.t embedded diploma/interface/avr_setup/bin/../lib/gcc/avr/4.3.3/avr5\libgcc.a(_mul_sf.o)
 .bss           0x008001a0        0x0 c:/users/ahmed/onedrive/desktop/m.t embedded diploma/interface/avr_setup/bin/../lib/gcc/avr/4.3.3/avr5\libgcc.a(_div_sf.o)
 .bss           0x008001a0        0x0 c:/users/ahmed/onedrive/desktop/m.t embedded diploma/interface/avr_setup/bin/../lib/gcc/avr/4.3.3/avr5\libgcc.a(_gt_sf.o)
 .bss           0x008001a0        0x0 c:/users/ahmed/onedrive/desktop/m.t embedded diploma/interface/avr_setup/bin/../lib/gcc/avr/4.3.3/avr5\libgcc.a(_ge_sf.o)
 .bss           0x008001a0        0x0 c:/users/ahmed/onedrive/desktop/m.t embedded diploma/interface/avr_setup/bin/../lib/gcc/avr/4.3.3/avr5\libgcc.a(_lt_sf.o)
 .bss           0x008001a0        0x0 c:/users/ahmed/onedrive/desktop/m.t embedded diploma/interface/avr_setup/bin/../lib/gcc/avr/4.3.3/avr5\libgcc.a(_sf_to_si.o)
 .bss           0x008001a0        0x0 c:/users/ahmed/onedrive/desktop/m.t embedded diploma/interface/avr_setup/bin/../lib/gcc/avr/4.3.3/avr5\libgcc.a(_thenan_sf.o)
 .bss           0x008001a0        0x0 c:/users/ahmed/onedrive/desktop/m.t embedded diploma/interface/avr_setup/bin/../lib/gcc/avr/4.3.3/avr5\libgcc.a(_usi_to_sf.o)
 .bss           0x008001a0        0x0 c:/users/ahmed/onedrive/desktop/m.t embedded diploma/interface/avr_setup/bin/../lib/gcc/avr/4.3.3/avr5\libgcc.a(_prologue.o)
 .bss           0x008001a0        0x0 c:/users/ahmed/onedrive/desktop/m.t embedded diploma/interface/avr_setup/bin/../lib/gcc/avr/4.3.3/avr5\libgcc.a(_epilogue.o)
 .bss           0x008001a0        0x0 c:/users/ahmed/onedrive/desktop/m.t embedded diploma/interface/avr_setup/bin/../lib/gcc/avr/4.3.3/avr5\libgcc.a(_clzsi2.o)
 .bss           0x008001a0        0x0 c:/users/ahmed/onedrive/desktop/m.t embedded diploma/interface/avr_setup/bin/../lib/gcc/avr/4.3.3/avr5\libgcc.a(_pack_sf.o)
 .bss           0x008001a0        0x0 c:/users/ahmed/onedrive/desktop/m.t embedded diploma/interface/avr_setup/bin/../lib/gcc/avr/4.3.3/avr5\libgcc.a(_unpack_sf.o)
 .bss           0x008001a0        0x0 c:/users/ahmed/onedrive/desktop/m.t embedded diploma/interface/avr_setup/bin/../lib/gcc/avr/4.3.3/avr5\libgcc.a(_fpcmp_parts_sf.o)
 .bss           0x008001a0        0x0 c:/users/ahmed/onedrive/desktop/m.t embedded diploma/interface/avr_setup/bin/../lib/gcc/avr/4.3.3/avr5\libgcc.a(_clz.o)
 .bss           0x008001a0        0x0 c:/users/ahmed/onedrive/desktop/m.t embedded diploma/interface/avr_setup/bin/../lib/gcc/avr/4.3.3/../../../../avr/lib/avr5\libc.a(itoa.o)
 .bss           0x008001a0        0x0 c:/users/ahmed/onedrive/desktop/m.t embedded diploma/interface/avr_setup/bin/../lib/gcc/avr/4.3.3/../../../../avr/lib/avr5\libc.a(strrev.o)
 .bss           0x008001a0        0x0 c:/users/ahmed/onedrive/desktop/m.t embedded diploma/interface/avr_setup/bin/../lib/gcc/avr/4.3.3/avr5\libgcc.a(_udivmodhi4.o)
 *(.bss*)
 .bss.g_callBackPtr
                0x008001a0        0x2 ./MCAL/icu.o
 .bss.g_edgeCount
                0x008001a2        0x1 ./HAL/UltraSonic.o
 .bss.g_timeHigh
                0x008001a3        0x2 ./HAL/UltraSonic.o
 .bss.g_tick    0x008001a5        0x1 ./HAL/buzzer.o
                0x008001a5                g_tick
 .bss.distance  0x008001a6        0x2 ./APP/main.o
 *(COMMON)
 COMMON         0x008001a8        0x1 ./HAL/buzzer.o
                0x008001a8                g_ticks
                0x008001a9                PROVIDE (__bss_end, .)
                0x00002724                __data_load_start = LOADADDR (.data)
                0x00002864                __data_load_end = (__data_load_start + SIZEOF (.data))

.noinit         0x008001a9        0x0
                0x008001a9                PROVIDE (__noinit_start, .)
 *(.noinit*)
                0x008001a9                PROVIDE (__noinit_end, .)
                0x008001a9                _end = .
                0x008001a9                PROVIDE (__heap_start, .)

.eeprom         0x00810000        0x0
 *(.eeprom*)
                0x00810000                __eeprom_end = .

.fuse
 *(.fuse)
 *(.lfuse)
 *(.hfuse)
 *(.efuse)

.lock
 *(.lock*)

.signature
 *(.signature*)

.stab           0x00000000     0x2280
 *(.stab)
 .stab          0x00000000      0x870 ./MCAL/GPIO.o
 .stab          0x00000870      0x384 ./MCAL/icu.o
                                0x5d0 (size before relaxing)
 .stab          0x00000bf4      0x558 ./HAL/UltraSonic.o
                                0x714 (size before relaxing)
 .stab          0x0000114c      0x324 ./HAL/buzzer.o
                                0x51c (size before relaxing)
 .stab          0x00001470      0xb64 ./HAL/lcd.o
                                0xd80 (size before relaxing)
 .stab          0x00001fd4      0x2ac ./APP/main.o
                                0x468 (size before relaxing)

.stabstr        0x00000000     0x1651
 *(.stabstr)
 .stabstr       0x00000000     0x1651 ./MCAL/GPIO.o

.stab.excl
 *(.stab.excl)

.stab.exclstr
 *(.stab.exclstr)

.stab.index
 *(.stab.index)

.stab.indexstr
 *(.stab.indexstr)

.comment
 *(.comment)

.debug
 *(.debug)

.line
 *(.line)

.debug_srcinfo
 *(.debug_srcinfo)

.debug_sfnames
 *(.debug_sfnames)

.debug_aranges  0x00000000      0x1a0
 *(.debug_aranges)
 .debug_aranges
                0x00000000       0x20 c:/users/ahmed/onedrive/desktop/m.t embedded diploma/interface/avr_setup/bin/../lib/gcc/avr/4.3.3/avr5\libgcc.a(_fixunssfsi.o)
 .debug_aranges
                0x00000020       0x20 c:/users/ahmed/onedrive/desktop/m.t embedded diploma/interface/avr_setup/bin/../lib/gcc/avr/4.3.3/avr5\libgcc.a(_addsub_sf.o)
 .debug_aranges
                0x00000040       0x20 c:/users/ahmed/onedrive/desktop/m.t embedded diploma/interface/avr_setup/bin/../lib/gcc/avr/4.3.3/avr5\libgcc.a(_mul_sf.o)
 .debug_aranges
                0x00000060       0x20 c:/users/ahmed/onedrive/desktop/m.t embedded diploma/interface/avr_setup/bin/../lib/gcc/avr/4.3.3/avr5\libgcc.a(_div_sf.o)
 .debug_aranges
                0x00000080       0x20 c:/users/ahmed/onedrive/desktop/m.t embedded diploma/interface/avr_setup/bin/../lib/gcc/avr/4.3.3/avr5\libgcc.a(_gt_sf.o)
 .debug_aranges
                0x000000a0       0x20 c:/users/ahmed/onedrive/desktop/m.t embedded diploma/interface/avr_setup/bin/../lib/gcc/avr/4.3.3/avr5\libgcc.a(_ge_sf.o)
 .debug_aranges
                0x000000c0       0x20 c:/users/ahmed/onedrive/desktop/m.t embedded diploma/interface/avr_setup/bin/../lib/gcc/avr/4.3.3/avr5\libgcc.a(_lt_sf.o)
 .debug_aranges
                0x000000e0       0x20 c:/users/ahmed/onedrive/desktop/m.t embedded diploma/interface/avr_setup/bin/../lib/gcc/avr/4.3.3/avr5\libgcc.a(_sf_to_si.o)
 .debug_aranges
                0x00000100       0x20 c:/users/ahmed/onedrive/desktop/m.t embedded diploma/interface/avr_setup/bin/../lib/gcc/avr/4.3.3/avr5\libgcc.a(_usi_to_sf.o)
 .debug_aranges
                0x00000120       0x20 c:/users/ahmed/onedrive/desktop/m.t embedded diploma/interface/avr_setup/bin/../lib/gcc/avr/4.3.3/avr5\libgcc.a(_clzsi2.o)
 .debug_aranges
                0x00000140       0x20 c:/users/ahmed/onedrive/desktop/m.t embedded diploma/interface/avr_setup/bin/../lib/gcc/avr/4.3.3/avr5\libgcc.a(_pack_sf.o)
 .debug_aranges
                0x00000160       0x20 c:/users/ahmed/onedrive/desktop/m.t embedded diploma/interface/avr_setup/bin/../lib/gcc/avr/4.3.3/avr5\libgcc.a(_unpack_sf.o)
 .debug_aranges
                0x00000180       0x20 c:/users/ahmed/onedrive/desktop/m.t embedded diploma/interface/avr_setup/bin/../lib/gcc/avr/4.3.3/avr5\libgcc.a(_fpcmp_parts_sf.o)

.debug_pubnames
                0x00000000      0x1f2
 *(.debug_pubnames)
 .debug_pubnames
                0x00000000       0x23 c:/users/ahmed/onedrive/desktop/m.t embedded diploma/interface/avr_setup/bin/../lib/gcc/avr/4.3.3/avr5\libgcc.a(_fixunssfsi.o)
 .debug_pubnames
                0x00000023       0x2c c:/users/ahmed/onedrive/desktop/m.t embedded diploma/interface/avr_setup/bin/../lib/gcc/avr/4.3.3/avr5\libgcc.a(_addsub_sf.o)
 .debug_pubnames
                0x0000004f       0x1f c:/users/ahmed/onedrive/desktop/m.t embedded diploma/interface/avr_setup/bin/../lib/gcc/avr/4.3.3/avr5\libgcc.a(_mul_sf.o)
 .debug_pubnames
                0x0000006e       0x1f c:/users/ahmed/onedrive/desktop/m.t embedded diploma/interface/avr_setup/bin/../lib/gcc/avr/4.3.3/avr5\libgcc.a(_div_sf.o)
 .debug_pubnames
                0x0000008d       0x1e c:/users/ahmed/onedrive/desktop/m.t embedded diploma/interface/avr_setup/bin/../lib/gcc/avr/4.3.3/avr5\libgcc.a(_gt_sf.o)
 .debug_pubnames
                0x000000ab       0x1e c:/users/ahmed/onedrive/desktop/m.t embedded diploma/interface/avr_setup/bin/../lib/gcc/avr/4.3.3/avr5\libgcc.a(_ge_sf.o)
 .debug_pubnames
                0x000000c9       0x1e c:/users/ahmed/onedrive/desktop/m.t embedded diploma/interface/avr_setup/bin/../lib/gcc/avr/4.3.3/avr5\libgcc.a(_lt_sf.o)
 .debug_pubnames
                0x000000e7       0x20 c:/users/ahmed/onedrive/desktop/m.t embedded diploma/interface/avr_setup/bin/../lib/gcc/avr/4.3.3/avr5\libgcc.a(_sf_to_si.o)
 .debug_pubnames
                0x00000107       0x22 c:/users/ahmed/onedrive/desktop/m.t embedded diploma/interface/avr_setup/bin/../lib/gcc/avr/4.3.3/avr5\libgcc.a(_thenan_sf.o)
 .debug_pubnames
                0x00000129       0x24 c:/users/ahmed/onedrive/desktop/m.t embedded diploma/interface/avr_setup/bin/../lib/gcc/avr/4.3.3/avr5\libgcc.a(_usi_to_sf.o)
 .debug_pubnames
                0x0000014d       0x1f c:/users/ahmed/onedrive/desktop/m.t embedded diploma/interface/avr_setup/bin/../lib/gcc/avr/4.3.3/avr5\libgcc.a(_clzsi2.o)
 .debug_pubnames
                0x0000016c       0x1f c:/users/ahmed/onedrive/desktop/m.t embedded diploma/interface/avr_setup/bin/../lib/gcc/avr/4.3.3/avr5\libgcc.a(_pack_sf.o)
 .debug_pubnames
                0x0000018b       0x21 c:/users/ahmed/onedrive/desktop/m.t embedded diploma/interface/avr_setup/bin/../lib/gcc/avr/4.3.3/avr5\libgcc.a(_unpack_sf.o)
 .debug_pubnames
                0x000001ac       0x26 c:/users/ahmed/onedrive/desktop/m.t embedded diploma/interface/avr_setup/bin/../lib/gcc/avr/4.3.3/avr5\libgcc.a(_fpcmp_parts_sf.o)
 .debug_pubnames
                0x000001d2       0x20 c:/users/ahmed/onedrive/desktop/m.t embedded diploma/interface/avr_setup/bin/../lib/gcc/avr/4.3.3/avr5\libgcc.a(_clz.o)

.debug_info     0x00000000     0x240b
 *(.debug_info)
 .debug_info    0x00000000       0xb1 c:/users/ahmed/onedrive/desktop/m.t embedded diploma/interface/avr_setup/bin/../lib/gcc/avr/4.3.3/avr5\libgcc.a(_fixunssfsi.o)
 .debug_info    0x000000b1      0x47a c:/users/ahmed/onedrive/desktop/m.t embedded diploma/interface/avr_setup/bin/../lib/gcc/avr/4.3.3/avr5\libgcc.a(_addsub_sf.o)
 .debug_info    0x0000052b      0x485 c:/users/ahmed/onedrive/desktop/m.t embedded diploma/interface/avr_setup/bin/../lib/gcc/avr/4.3.3/avr5\libgcc.a(_mul_sf.o)
 .debug_info    0x000009b0      0x3fc c:/users/ahmed/onedrive/desktop/m.t embedded diploma/interface/avr_setup/bin/../lib/gcc/avr/4.3.3/avr5\libgcc.a(_div_sf.o)
 .debug_info    0x00000dac      0x27f c:/users/ahmed/onedrive/desktop/m.t embedded diploma/interface/avr_setup/bin/../lib/gcc/avr/4.3.3/avr5\libgcc.a(_gt_sf.o)
 .debug_info    0x0000102b      0x27f c:/users/ahmed/onedrive/desktop/m.t embedded diploma/interface/avr_setup/bin/../lib/gcc/avr/4.3.3/avr5\libgcc.a(_ge_sf.o)
 .debug_info    0x000012aa      0x27f c:/users/ahmed/onedrive/desktop/m.t embedded diploma/interface/avr_setup/bin/../lib/gcc/avr/4.3.3/avr5\libgcc.a(_lt_sf.o)
 .debug_info    0x00001529      0x2b0 c:/users/ahmed/onedrive/desktop/m.t embedded diploma/interface/avr_setup/bin/../lib/gcc/avr/4.3.3/avr5\libgcc.a(_sf_to_si.o)
 .debug_info    0x000017d9      0x12c c:/users/ahmed/onedrive/desktop/m.t embedded diploma/interface/avr_setup/bin/../lib/gcc/avr/4.3.3/avr5\libgcc.a(_thenan_sf.o)
 .debug_info    0x00001905      0x206 c:/users/ahmed/onedrive/desktop/m.t embedded diploma/interface/avr_setup/bin/../lib/gcc/avr/4.3.3/avr5\libgcc.a(_usi_to_sf.o)
 .debug_info    0x00001b0b      0x117 c:/users/ahmed/onedrive/desktop/m.t embedded diploma/interface/avr_setup/bin/../lib/gcc/avr/4.3.3/avr5\libgcc.a(_clzsi2.o)
 .debug_info    0x00001c22      0x2df c:/users/ahmed/onedrive/desktop/m.t embedded diploma/interface/avr_setup/bin/../lib/gcc/avr/4.3.3/avr5\libgcc.a(_pack_sf.o)
 .debug_info    0x00001f01      0x251 c:/users/ahmed/onedrive/desktop/m.t embedded diploma/interface/avr_setup/bin/../lib/gcc/avr/4.3.3/avr5\libgcc.a(_unpack_sf.o)
 .debug_info    0x00002152      0x210 c:/users/ahmed/onedrive/desktop/m.t embedded diploma/interface/avr_setup/bin/../lib/gcc/avr/4.3.3/avr5\libgcc.a(_fpcmp_parts_sf.o)
 .debug_info    0x00002362       0xa9 c:/users/ahmed/onedrive/desktop/m.t embedded diploma/interface/avr_setup/bin/../lib/gcc/avr/4.3.3/avr5\libgcc.a(_clz.o)
 *(.gnu.linkonce.wi.*)

.debug_abbrev   0x00000000     0x1386
 *(.debug_abbrev)
 .debug_abbrev  0x00000000       0x5d c:/users/ahmed/onedrive/desktop/m.t embedded diploma/interface/avr_setup/bin/../lib/gcc/avr/4.3.3/avr5\libgcc.a(_fixunssfsi.o)
 .debug_abbrev  0x0000005d      0x1ea c:/users/ahmed/onedrive/desktop/m.t embedded diploma/interface/avr_setup/bin/../lib/gcc/avr/4.3.3/avr5\libgcc.a(_addsub_sf.o)
 .debug_abbrev  0x00000247      0x21b c:/users/ahmed/onedrive/desktop/m.t embedded diploma/interface/avr_setup/bin/../lib/gcc/avr/4.3.3/avr5\libgcc.a(_mul_sf.o)
 .debug_abbrev  0x00000462      0x216 c:/users/ahmed/onedrive/desktop/m.t embedded diploma/interface/avr_setup/bin/../lib/gcc/avr/4.3.3/avr5\libgcc.a(_div_sf.o)
 .debug_abbrev  0x00000678      0x15a c:/users/ahmed/onedrive/desktop/m.t embedded diploma/interface/avr_setup/bin/../lib/gcc/avr/4.3.3/avr5\libgcc.a(_gt_sf.o)
 .debug_abbrev  0x000007d2      0x15a c:/users/ahmed/onedrive/desktop/m.t embedded diploma/interface/avr_setup/bin/../lib/gcc/avr/4.3.3/avr5\libgcc.a(_ge_sf.o)
 .debug_abbrev  0x0000092c      0x15a c:/users/ahmed/onedrive/desktop/m.t embedded diploma/interface/avr_setup/bin/../lib/gcc/avr/4.3.3/avr5\libgcc.a(_lt_sf.o)
 .debug_abbrev  0x00000a86      0x17f c:/users/ahmed/onedrive/desktop/m.t embedded diploma/interface/avr_setup/bin/../lib/gcc/avr/4.3.3/avr5\libgcc.a(_sf_to_si.o)
 .debug_abbrev  0x00000c05       0xad c:/users/ahmed/onedrive/desktop/m.t embedded diploma/interface/avr_setup/bin/../lib/gcc/avr/4.3.3/avr5\libgcc.a(_thenan_sf.o)
 .debug_abbrev  0x00000cb2      0x157 c:/users/ahmed/onedrive/desktop/m.t embedded diploma/interface/avr_setup/bin/../lib/gcc/avr/4.3.3/avr5\libgcc.a(_usi_to_sf.o)
 .debug_abbrev  0x00000e09       0xc4 c:/users/ahmed/onedrive/desktop/m.t embedded diploma/interface/avr_setup/bin/../lib/gcc/avr/4.3.3/avr5\libgcc.a(_clzsi2.o)
 .debug_abbrev  0x00000ecd      0x1c0 c:/users/ahmed/onedrive/desktop/m.t embedded diploma/interface/avr_setup/bin/../lib/gcc/avr/4.3.3/avr5\libgcc.a(_pack_sf.o)
 .debug_abbrev  0x0000108d      0x154 c:/users/ahmed/onedrive/desktop/m.t embedded diploma/interface/avr_setup/bin/../lib/gcc/avr/4.3.3/avr5\libgcc.a(_unpack_sf.o)
 .debug_abbrev  0x000011e1      0x13b c:/users/ahmed/onedrive/desktop/m.t embedded diploma/interface/avr_setup/bin/../lib/gcc/avr/4.3.3/avr5\libgcc.a(_fpcmp_parts_sf.o)
 .debug_abbrev  0x0000131c       0x6a c:/users/ahmed/onedrive/desktop/m.t embedded diploma/interface/avr_setup/bin/../lib/gcc/avr/4.3.3/avr5\libgcc.a(_clz.o)

.debug_line     0x00000000     0x11d6
 *(.debug_line)
 .debug_line    0x00000000       0xa7 c:/users/ahmed/onedrive/desktop/m.t embedded diploma/interface/avr_setup/bin/../lib/gcc/avr/4.3.3/avr5\libgcc.a(_fixunssfsi.o)
 .debug_line    0x000000a7      0x2af c:/users/ahmed/onedrive/desktop/m.t embedded diploma/interface/avr_setup/bin/../lib/gcc/avr/4.3.3/avr5\libgcc.a(_addsub_sf.o)
 .debug_line    0x00000356      0x239 c:/users/ahmed/onedrive/desktop/m.t embedded diploma/interface/avr_setup/bin/../lib/gcc/avr/4.3.3/avr5\libgcc.a(_mul_sf.o)
 .debug_line    0x0000058f      0x1d5 c:/users/ahmed/onedrive/desktop/m.t embedded diploma/interface/avr_setup/bin/../lib/gcc/avr/4.3.3/avr5\libgcc.a(_div_sf.o)
 .debug_line    0x00000764       0xd3 c:/users/ahmed/onedrive/desktop/m.t embedded diploma/interface/avr_setup/bin/../lib/gcc/avr/4.3.3/avr5\libgcc.a(_gt_sf.o)
 .debug_line    0x00000837       0xd3 c:/users/ahmed/onedrive/desktop/m.t embedded diploma/interface/avr_setup/bin/../lib/gcc/avr/4.3.3/avr5\libgcc.a(_ge_sf.o)
 .debug_line    0x0000090a       0xd3 c:/users/ahmed/onedrive/desktop/m.t embedded diploma/interface/avr_setup/bin/../lib/gcc/avr/4.3.3/avr5\libgcc.a(_lt_sf.o)
 .debug_line    0x000009dd      0x109 c:/users/ahmed/onedrive/desktop/m.t embedded diploma/interface/avr_setup/bin/../lib/gcc/avr/4.3.3/avr5\libgcc.a(_sf_to_si.o)
 .debug_line    0x00000ae6       0x90 c:/users/ahmed/onedrive/desktop/m.t embedded diploma/interface/avr_setup/bin/../lib/gcc/avr/4.3.3/avr5\libgcc.a(_thenan_sf.o)
 .debug_line    0x00000b76      0x133 c:/users/ahmed/onedrive/desktop/m.t embedded diploma/interface/avr_setup/bin/../lib/gcc/avr/4.3.3/avr5\libgcc.a(_usi_to_sf.o)
 .debug_line    0x00000ca9       0xa5 c:/users/ahmed/onedrive/desktop/m.t embedded diploma/interface/avr_setup/bin/../lib/gcc/avr/4.3.3/avr5\libgcc.a(_clzsi2.o)
 .debug_line    0x00000d4e      0x18a c:/users/ahmed/onedrive/desktop/m.t embedded diploma/interface/avr_setup/bin/../lib/gcc/avr/4.3.3/avr5\libgcc.a(_pack_sf.o)
 .debug_line    0x00000ed8      0x14b c:/users/ahmed/onedrive/desktop/m.t embedded diploma/interface/avr_setup/bin/../lib/gcc/avr/4.3.3/avr5\libgcc.a(_unpack_sf.o)
 .debug_line    0x00001023      0x137 c:/users/ahmed/onedrive/desktop/m.t embedded diploma/interface/avr_setup/bin/../lib/gcc/avr/4.3.3/avr5\libgcc.a(_fpcmp_parts_sf.o)
 .debug_line    0x0000115a       0x7c c:/users/ahmed/onedrive/desktop/m.t embedded diploma/interface/avr_setup/bin/../lib/gcc/avr/4.3.3/avr5\libgcc.a(_clz.o)

.debug_frame    0x00000000      0x1c0
 *(.debug_frame)
 .debug_frame   0x00000000       0x20 c:/users/ahmed/onedrive/desktop/m.t embedded diploma/interface/avr_setup/bin/../lib/gcc/avr/4.3.3/avr5\libgcc.a(_fixunssfsi.o)
 .debug_frame   0x00000020       0x40 c:/users/ahmed/onedrive/desktop/m.t embedded diploma/interface/avr_setup/bin/../lib/gcc/avr/4.3.3/avr5\libgcc.a(_addsub_sf.o)
 .debug_frame   0x00000060       0x20 c:/users/ahmed/onedrive/desktop/m.t embedded diploma/interface/avr_setup/bin/../lib/gcc/avr/4.3.3/avr5\libgcc.a(_mul_sf.o)
 .debug_frame   0x00000080       0x20 c:/users/ahmed/onedrive/desktop/m.t embedded diploma/interface/avr_setup/bin/../lib/gcc/avr/4.3.3/avr5\libgcc.a(_div_sf.o)
 .debug_frame   0x000000a0       0x20 c:/users/ahmed/onedrive/desktop/m.t embedded diploma/interface/avr_setup/bin/../lib/gcc/avr/4.3.3/avr5\libgcc.a(_gt_sf.o)
 .debug_frame   0x000000c0       0x20 c:/users/ahmed/onedrive/desktop/m.t embedded diploma/interface/avr_setup/bin/../lib/gcc/avr/4.3.3/avr5\libgcc.a(_ge_sf.o)
 .debug_frame   0x000000e0       0x20 c:/users/ahmed/onedrive/desktop/m.t embedded diploma/interface/avr_setup/bin/../lib/gcc/avr/4.3.3/avr5\libgcc.a(_lt_sf.o)
 .debug_frame   0x00000100       0x20 c:/users/ahmed/onedrive/desktop/m.t embedded diploma/interface/avr_setup/bin/../lib/gcc/avr/4.3.3/avr5\libgcc.a(_sf_to_si.o)
 .debug_frame   0x00000120       0x20 c:/users/ahmed/onedrive/desktop/m.t embedded diploma/interface/avr_setup/bin/../lib/gcc/avr/4.3.3/avr5\libgcc.a(_usi_to_sf.o)
 .debug_frame   0x00000140       0x20 c:/users/ahmed/onedrive/desktop/m.t embedded diploma/interface/avr_setup/bin/../lib/gcc/avr/4.3.3/avr5\libgcc.a(_clzsi2.o)
 .debug_frame   0x00000160       0x20 c:/users/ahmed/onedrive/desktop/m.t embedded diploma/interface/avr_setup/bin/../lib/gcc/avr/4.3.3/avr5\libgcc.a(_pack_sf.o)
 .debug_frame   0x00000180       0x20 c:/users/ahmed/onedrive/desktop/m.t embedded diploma/interface/avr_setup/bin/../lib/gcc/avr/4.3.3/avr5\libgcc.a(_unpack_sf.o)
 .debug_frame   0x000001a0       0x20 c:/users/ahmed/onedrive/desktop/m.t embedded diploma/interface/avr_setup/bin/../lib/gcc/avr/4.3.3/avr5\libgcc.a(_fpcmp_parts_sf.o)

.debug_str      0x00000000      0x2f6
 *(.debug_str)
 .debug_str     0x00000000       0xbf c:/users/ahmed/onedrive/desktop/m.t embedded diploma/interface/avr_setup/bin/../lib/gcc/avr/4.3.3/avr5\libgcc.a(_fixunssfsi.o)
                                 0xfe (size before relaxing)
 .debug_str     0x000000bf      0x14d c:/users/ahmed/onedrive/desktop/m.t embedded diploma/interface/avr_setup/bin/../lib/gcc/avr/4.3.3/avr5\libgcc.a(_addsub_sf.o)
                                0x206 (size before relaxing)
 .debug_str     0x0000020c       0x27 c:/users/ahmed/onedrive/desktop/m.t embedded diploma/interface/avr_setup/bin/../lib/gcc/avr/4.3.3/avr5\libgcc.a(_mul_sf.o)
                                0x1bf (size before relaxing)
 .debug_str     0x00000233       0x35 c:/users/ahmed/onedrive/desktop/m.t embedded diploma/interface/avr_setup/bin/../lib/gcc/avr/4.3.3/avr5\libgcc.a(_div_sf.o)
                                0x1c8 (size before relaxing)
 .debug_str     0x00000268        0x8 c:/users/ahmed/onedrive/desktop/m.t embedded diploma/interface/avr_setup/bin/../lib/gcc/avr/4.3.3/avr5\libgcc.a(_gt_sf.o)
                                0x195 (size before relaxing)
 .debug_str     0x00000270        0x8 c:/users/ahmed/onedrive/desktop/m.t embedded diploma/interface/avr_setup/bin/../lib/gcc/avr/4.3.3/avr5\libgcc.a(_ge_sf.o)
                                0x195 (size before relaxing)
 .debug_str     0x00000278        0x8 c:/users/ahmed/onedrive/desktop/m.t embedded diploma/interface/avr_setup/bin/../lib/gcc/avr/4.3.3/avr5\libgcc.a(_lt_sf.o)
                                0x195 (size before relaxing)
 .debug_str     0x00000280        0xa c:/users/ahmed/onedrive/desktop/m.t embedded diploma/interface/avr_setup/bin/../lib/gcc/avr/4.3.3/avr5\libgcc.a(_sf_to_si.o)
                                0x19e (size before relaxing)
 .debug_str     0x00000000      0x103 c:/users/ahmed/onedrive/desktop/m.t embedded diploma/interface/avr_setup/bin/../lib/gcc/avr/4.3.3/avr5\libgcc.a(_thenan_sf.o)
 .debug_str     0x0000028a       0x21 c:/users/ahmed/onedrive/desktop/m.t embedded diploma/interface/avr_setup/bin/../lib/gcc/avr/4.3.3/avr5\libgcc.a(_usi_to_sf.o)
                                0x177 (size before relaxing)
 .debug_str     0x000002ab       0x20 c:/users/ahmed/onedrive/desktop/m.t embedded diploma/interface/avr_setup/bin/../lib/gcc/avr/4.3.3/avr5\libgcc.a(_clzsi2.o)
                                0x111 (size before relaxing)
 .debug_str     0x000002cb       0x10 c:/users/ahmed/onedrive/desktop/m.t embedded diploma/interface/avr_setup/bin/../lib/gcc/avr/4.3.3/avr5\libgcc.a(_pack_sf.o)
                                0x19d (size before relaxing)
 .debug_str     0x000002db        0xb c:/users/ahmed/onedrive/desktop/m.t embedded diploma/interface/avr_setup/bin/../lib/gcc/avr/4.3.3/avr5\libgcc.a(_unpack_sf.o)
                                0x17f (size before relaxing)
 .debug_str     0x000002e6       0x10 c:/users/ahmed/onedrive/desktop/m.t embedded diploma/interface/avr_setup/bin/../lib/gcc/avr/4.3.3/avr5\libgcc.a(_fpcmp_parts_sf.o)
                                0x163 (size before relaxing)
 .debug_str     0x00000000       0xf4 c:/users/ahmed/onedrive/desktop/m.t embedded diploma/interface/avr_setup/bin/../lib/gcc/avr/4.3.3/avr5\libgcc.a(_clz.o)

.debug_loc      0x00000000      0x96e
 *(.debug_loc)
 .debug_loc     0x00000000       0x34 c:/users/ahmed/onedrive/desktop/m.t embedded diploma/interface/avr_setup/bin/../lib/gcc/avr/4.3.3/avr5\libgcc.a(_fixunssfsi.o)
 .debug_loc     0x00000034      0x32a c:/users/ahmed/onedrive/desktop/m.t embedded diploma/interface/avr_setup/bin/../lib/gcc/avr/4.3.3/avr5\libgcc.a(_addsub_sf.o)
 .debug_loc     0x0000035e      0x104 c:/users/ahmed/onedrive/desktop/m.t embedded diploma/interface/avr_setup/bin/../lib/gcc/avr/4.3.3/avr5\libgcc.a(_mul_sf.o)
 .debug_loc     0x00000462       0xc0 c:/users/ahmed/onedrive/desktop/m.t embedded diploma/interface/avr_setup/bin/../lib/gcc/avr/4.3.3/avr5\libgcc.a(_div_sf.o)
 .debug_loc     0x00000522       0x3c c:/users/ahmed/onedrive/desktop/m.t embedded diploma/interface/avr_setup/bin/../lib/gcc/avr/4.3.3/avr5\libgcc.a(_gt_sf.o)
 .debug_loc     0x0000055e       0x3c c:/users/ahmed/onedrive/desktop/m.t embedded diploma/interface/avr_setup/bin/../lib/gcc/avr/4.3.3/avr5\libgcc.a(_ge_sf.o)
 .debug_loc     0x0000059a       0x3c c:/users/ahmed/onedrive/desktop/m.t embedded diploma/interface/avr_setup/bin/../lib/gcc/avr/4.3.3/avr5\libgcc.a(_lt_sf.o)
 .debug_loc     0x000005d6       0x7e c:/users/ahmed/onedrive/desktop/m.t embedded diploma/interface/avr_setup/bin/../lib/gcc/avr/4.3.3/avr5\libgcc.a(_sf_to_si.o)
 .debug_loc     0x00000654       0x4c c:/users/ahmed/onedrive/desktop/m.t embedded diploma/interface/avr_setup/bin/../lib/gcc/avr/4.3.3/avr5\libgcc.a(_usi_to_sf.o)
 .debug_loc     0x000006a0       0x94 c:/users/ahmed/onedrive/desktop/m.t embedded diploma/interface/avr_setup/bin/../lib/gcc/avr/4.3.3/avr5\libgcc.a(_clzsi2.o)
 .debug_loc     0x00000734      0x13e c:/users/ahmed/onedrive/desktop/m.t embedded diploma/interface/avr_setup/bin/../lib/gcc/avr/4.3.3/avr5\libgcc.a(_pack_sf.o)
 .debug_loc     0x00000872       0xac c:/users/ahmed/onedrive/desktop/m.t embedded diploma/interface/avr_setup/bin/../lib/gcc/avr/4.3.3/avr5\libgcc.a(_unpack_sf.o)
 .debug_loc     0x0000091e       0x50 c:/users/ahmed/onedrive/desktop/m.t embedded diploma/interface/avr_setup/bin/../lib/gcc/avr/4.3.3/avr5\libgcc.a(_fpcmp_parts_sf.o)

.debug_macinfo
 *(.debug_macinfo)
OUTPUT(CarParkingSensor.elf elf32-avr)
LOAD linker stubs

.debug_ranges   0x00000000       0x50
 .debug_ranges  0x00000000       0x50 c:/users/ahmed/onedrive/desktop/m.t embedded diploma/interface/avr_setup/bin/../lib/gcc/avr/4.3.3/avr5\libgcc.a(_mul_sf.o)
